---
source: src/config/config_file/mise_toml.rs
expression: cf
snapshot_kind: text
---
MiseToml(~/cwd/.test.mise.toml): ToolRequestSet: 
 {
    alias: {
        BackendArg("node"): {
            "18": "18.0.0",
        },
    },
}
